---
source: crates/mpl-ide/tests/analysis.rs
expression: "hover_snapshot(\"from prod:requests\\n| map rate\", Position::new(0, 1),)"
---
SOURCE:

1 │ from prod:requests
  · ─┬──
  ·  │ ╭─────────────────────────────╮
  ·  ╰─┤ Starts a source expression. │
  ·    ╰─────────────────────────────╯
2 │ | map rate
