---
source: crates/mpl-ide/tests/analysis.rs
expression: "completions_snapshot(\"from prod:requests | \", Position::new(0, 21), \"map\",)"
---
SOURCE:

1 │ from prod:requests |
  ·                      ┬
  ·                      ╰ where
  ·                        filter
  ·                        map     ←
  ·                        align
  ·                        group
  ·                        bucket
  ·                        join
  ·                        replace
  ·                        extend
  ·                        as

EDITED:

1 │ from prod:requests | map
