---
source: crates/mpl-ide/tests/analysis.rs
expression: "signature_snapshot(\"from prod:requests | map fill::const(1, 2)\",\nPosition::new(0, 41),)"
---
SOURCE:

1 │ from prod:requests | map fill::const(1, 2)
  ·                                          ┬
  ·                                          │ ╭─────────────────────────────────────────────────────────╮
  ·                                          ╰─┤ fill::const(value)                                      │
  ·                                            │                                                         │
  ·                                            │ Fill missing values with a constant.                    │
  ·                                            │                                                         │
  ·                                            │ parameters:                                             │
  ·                                            │                                                         │
  ·                                            │ 1. (value) The constant used to replace missing values. │
  ·                                            ╰─────────────────────────────────────────────────────────╯
