---
source: crates/mpl-ide/tests/analysis.rs
expression: "hover_snapshot(\"from prod:requests | where ok == true and ready == true\",\nPosition::new(0, 39),)"
---
SOURCE:

1 │ from prod:requests | where ok == true and ready == true
  ·                                       ─┬─
  ·                                        │ ╭──────────────────────╮
  ·                                        ╰─┤ Boolean conjunction. │
  ·                                          ╰──────────────────────╯
