---
source: crates/mpl-ide/tests/analysis.rs
expression: "signature_snapshot(\"from prod:requests | bucket by le using histogram(0.5, 0.9, 0.99)\",\nPosition::new(0, 62),)"
---
SOURCE:

1 │ from prod:requests | bucket by le using histogram(0.5, 0.9, 0.99)
  ·                                                               ┬
  ·                                                               │ ╭──────────────────────────────────────────────╮
  ·                                                               ╰─┤ histogram(specs...)                          │
  ·                                                                 │                                              │
  ·                                                                 │ Aggregate non-histogram series into buckets. │
  ·                                                                 │                                              │
  ·                                                                 │ parameters:                                  │
  ·                                                                 │                                              │
  ·                                                                 │ 1. (specs...) The bucket specifications. ←   │
  ·                                                                 ╰──────────────────────────────────────────────╯
