---
source: crates/mpl-ide/tests/analysis.rs
expression: "signature_snapshot(\"from prod:requests\\n| map fill::const(10\\n| as later_code\",\nPosition::new(1, 20),)"
---
SOURCE:

1 │ from prod:requests
2 │ | map fill::const(10
  ·                     ┬
  ·                     │ ╭───────────────────────────────────────────────────────────╮
  ·                     ╰─┤ fill::const(value)                                        │
  ·                       │                                                           │
  ·                       │ Fill missing values with a constant.                      │
  ·                       │                                                           │
  ·                       │ parameters:                                               │
  ·                       │                                                           │
  ·                       │ 1. (value) The constant used to replace missing values. ← │
  ·                       ╰───────────────────────────────────────────────────────────╯
3 │ | as later_code
