---
source: crates/mpl-ide/tests/analysis.rs
expression: "completions_snapshot(\"from prod:requests |     rate\", Position::new(0, 21),\n\"map\",)"
---
SOURCE:

1 │ from prod:requests |     rate
  ·                      ┬
  ·                      ╰ where
  ·                        filter
  ·                        map    ←
  ·                        align
  ·                        group
  ·                        bucket
  ·                        extend
  ·                        as

EDITED:

1 │ from prod:requests | map    rate
