---
source: crates/mpl-ide/tests/analysis.rs
expression: "signature_snapshot(&[(\"function\", \"from prod:requests | map fill::const($0)\"),\n(\"keyword\", \"from prod:requests | $0group by host using sum\"),])"
---
CASE 1: FUNCTION

SOURCE:

from prod:requests | map fill::const(█)

SIGNATURE HELP:

  signature help
   ╭────
 1 │ from prod:requests | map fill::const()
   ·                          ─────┬─────
   ·                               ╰── fill::const(value)
   ╰────

CASE 2: KEYWORD

SOURCE:

from prod:requests | █group by host using sum

SIGNATURE HELP:

  signature help
   ╭────
 1 │ from prod:requests | group by host using sum
   ·                      ──┬──
   ·                        ╰── group by <tag...> using <function>
   ╰────
