---
source: crates/mpl-ide/tests/analysis.rs
expression: "signature_snapshot(\"from prod:requests\\n| bucket by le using interpolate_cumulative_histogram(\\n    linear,\\n    0.5,\\n    0.9\\n)\\n| as latency\",\nPosition::new(4, 5),)"
---
SOURCE:

1 │ from prod:requests
2 │ | bucket by le using interpolate_cumulative_histogram(
3 │     linear,
4 │     0.5,
5 │     0.9
  ·      ┬
  ·      │ ╭──────────────────────────────────────────────────╮
  ·      ╰─┤ interpolate_cumulative_histogram(mode, specs...) │
  ·        │                                                  │
  ·        │ Aggregate cumulative histogram series.           │
  ·        │                                                  │
  ·        │ parameters:                                      │
  ·        │                                                  │
  ·        │ 1. (mode) The histogram interpolation mode.      │
  ·        │ 2. (specs...) The bucket specifications. ←       │
  ·        ╰──────────────────────────────────────────────────╯
6 │ )
7 │ | as latency
