---
source: crates/mpl-hir/tests/diagnostics.rs
expression: "snapshot(r#\"set custom_unit = \"ms\";\ndataset:metric\n  | map fill::const(0)\n  | map filter::gt(150)\n  | map is::ge(0.95)\n  | align to $__interval using avg\n  | bucket by host using histogram(count)\n\"#,)"
---
INPUT:

set custom_unit = "ms";
dataset:metric
  | map fill::const(0)
  | map filter::gt(150)
  | map is::ge(0.95)
  | align to $__interval using avg
  | bucket by host using histogram(count)

DIAGNOSTICS:

No diagnostics.
